I'm sorry, but errors were detected in your script. Please correct the
errors listed below, and try again.


File "game/script.rpy", line 46: choice menuitem expects a non-empty block.
    "Check notifications":
                          ^

Ren'Py Version: Ren'Py 7.4.11.2266
Sat Mar 26 15:52:28 2022
